Loading data...
Data loaded: 6561 paths x 47 years
Loaded omega_fixed: 47 years, trend 3 (linear excl 2020-2021)
Loaded Phase 1 warm-starts for 47 years
Starting parallel pool (parpool) using the 'Processes' profile ...
Connected to parallel pool with 6 workers.
Parallel pool ready: 6 workers

Starting Phase 3 estimation: 47 years, 48 params/year
=========================================================
Year 3 (1979): ef=1, fval=1.4477, 1stOrd=3.3e+03, regPen=1.43e-07, bind=1, 253s
Year 2 (1978): ef=1, fval=1.3389, 1stOrd=7.7e+02, regPen=1.06e-06, bind=1, 264s
Year 5 (1981): ef=1, fval=1.6991, 1stOrd=5.0e+03, regPen=5.32e-08, bind=1, 278s
Year 6 (1982): ef=1, fval=1.8526, 1stOrd=6.7e-01, regPen=1.85e-08, bind=1, 290s
Year 4 (1980): ef=1, fval=1.5729, 1stOrd=4.0e+03, regPen=7.73e-09, bind=1, 332s
Year 21 (1998): ef=1, fval=1.5200, 1stOrd=2.3e+00, regPen=6.45e-08, bind=1, 104s
Year 1 (1976): ef=1, fval=1.4411, 1stOrd=1.9e+02, regPen=1.19e-07, bind=1, 414s
Year 24 (2001): ef=1, fval=1.6790, 1stOrd=5.2e+03, regPen=3.81e-08, bind=1, 208s
Year 15 (1991): ef=1, fval=1.8072, 1stOrd=2.6e+03, regPen=4.01e-04, bind=1, 383s
Year 9 (1985): ef=1, fval=1.8040, 1stOrd=5.8e+03, regPen=4.42e-04, bind=1, 376s
Year 12 (1988): ef=1, fval=1.5334, 1stOrd=4.9e+03, regPen=1.91e-06, bind=1, 533s
Year 23 (2000): ef=1, fval=1.6432, 1stOrd=2.3e+03, regPen=1.97e-04, bind=1, 332s
Year 20 (1997): ef=1, fval=1.5327, 1stOrd=4.5e+03, regPen=4.76e-08, bind=1, 454s
Year 18 (1995): ef=1, fval=1.5943, 1stOrd=4.2e+03, regPen=4.22e-08, bind=1, 513s
Year 14 (1990): ef=1, fval=1.6170, 1stOrd=5.3e+03, regPen=5.54e-09, bind=1, 273s
Year 22 (1999): ef=1, fval=1.5261, 1stOrd=2.5e+03, regPen=3.05e-07, bind=1, 162s
Year 8 (1984): ef=1, fval=1.7657, 1stOrd=2.6e+03, regPen=9.48e-08, bind=1, 247s
Year 11 (1987): ef=2, fval=1.6598, 1stOrd=5.0e+15, regPen=4.14e-03, bind=1, 265s
Year 13 (1989): ef=1, fval=1.5100, 1stOrd=3.6e+03, regPen=3.87e-08, bind=1, 206s
Year 19 (1996): ef=1, fval=1.6159, 1stOrd=4.7e+03, regPen=9.08e-05, bind=1, 281s
Year 17 (1994): ef=1, fval=1.8120, 1stOrd=2.4e+01, regPen=7.65e-05, bind=1, 306s
Year 32 (2009): ef=1, fval=2.1448, 1stOrd=3.8e+02, regPen=4.76e-10, bind=1, 164s
Year 30 (2007): ef=1, fval=1.7375, 1stOrd=3.5e+03, regPen=6.86e-05, bind=1, 150s
Year 7 (1983): ef=1, fval=1.7102, 1stOrd=3.2e+02, regPen=1.01e-07, bind=1, 270s
Year 16 (1992): ef=1, fval=1.7795, 1stOrd=3.9e+03, regPen=1.45e-04, bind=1, 243s
Year 26 (2003): ef=1, fval=1.9636, 1stOrd=2.7e+03, regPen=2.03e-06, bind=1, 315s
Year 31 (2008): ef=1, fval=2.0713, 1stOrd=5.0e+03, regPen=1.59e-05, bind=1, 277s
Year 10 (1986): ef=1, fval=1.6122, 1stOrd=2.9e+03, regPen=2.00e-08, bind=1, 376s
Year 29 (2006): ef=1, fval=1.6211, 1stOrd=6.4e+01, regPen=1.32e-07, bind=1, 174s
Year 28 (2005): ef=1, fval=1.6443, 1stOrd=6.4e+01, regPen=3.66e-09, bind=1, 95s
Year 39 (2016): ef=1, fval=1.7506, 1stOrd=6.4e+01, regPen=6.00e-08, bind=1, 120s
Year 25 (2002): ef=1, fval=1.7520, 1stOrd=3.8e+02, regPen=1.18e-07, bind=1, 179s
Year 36 (2013): ef=1, fval=1.8799, 1stOrd=2.3e+03, regPen=5.68e-08, bind=1, 317s
Year 27 (2004): ef=1, fval=1.6690, 1stOrd=3.2e+02, regPen=2.09e-07, bind=1, 94s
Year 37 (2014): ef=1, fval=1.8223, 1stOrd=4.5e+03, regPen=2.91e-06, bind=1, 263s
Year 34 (2011): ef=1, fval=2.0177, 1stOrd=1.3e+02, regPen=9.15e-10, bind=1, 328s
Year 38 (2015): ef=1, fval=1.7595, 1stOrd=4.2e+03, regPen=2.46e-08, bind=1, 210s
Year 44 (2021): ef=1, fval=1.7433, 1stOrd=6.4e+03, regPen=2.23e-07, bind=1, 295s
Year 46 (2023): ef=2, fval=1.9343, 1stOrd=5.0e+17, regPen=1.22e-03, bind=1, 38s
Year 35 (2012): ef=1, fval=1.9721, 1stOrd=2.6e+03, regPen=4.44e-08, bind=1, 259s
Year 45 (2022): ef=2, fval=1.9330, 1stOrd=5.0e+17, regPen=1.22e-03, bind=1, 35s
Year 43 (2020): ef=1, fval=2.1093, 1stOrd=3.2e+03, regPen=2.51e-06, bind=1, 272s
Year 42 (2019): ef=1, fval=1.9561, 1stOrd=7.9e+01, regPen=9.34e-07, bind=1, 216s
Year 47 (2024): ef=2, fval=1.8409, 1stOrd=5.0e+17, regPen=1.22e-03, bind=1, 33s
Year 33 (2010): ef=1, fval=2.1786, 1stOrd=6.4e+01, regPen=2.98e-03, bind=1, 212s
Year 40 (2017): ef=1, fval=1.7213, 1stOrd=5.7e+03, regPen=6.96e-06, bind=1, 200s
Year 41 (2018): ef=1, fval=1.7040, 1stOrd=1.3e+02, regPen=3.72e-06, bind=1, 201s

=========================================================
Phase 3 estimation complete.

    Year    ExitFlag    FirstOrderOpt     Fval     RegPenalty    RegBinding    Seconds
    ____    ________    _____________    ______    __________    __________    _______

    1976       1                192      1.4411    1.1925e-07        1         414.29 
    1978       1                768      1.3389    1.0579e-06        1         264.05 
    1979       1               3328      1.4477    1.4319e-07        1         253.49 
    1980       1               4032      1.5729    7.7326e-09        1         331.81 
    1981       1               4992      1.6991    5.3203e-08        1         277.55 
    1982       1             0.6687      1.8526    1.8516e-08        1         289.58 
    1983       1                320      1.7102    1.0136e-07        1         269.59 
    1984       1               2560      1.7657    9.4763e-08        1         246.67 
    1985       1               5760       1.804    0.00044155        1          375.9 
    1986       1               2880      1.6122    1.9965e-08        1         375.66 
    1987       2              5e+15      1.6598     0.0041431        1         264.71 
    1988       1               4864      1.5334    1.9077e-06        1         533.34 
    1989       1               3584        1.51    3.8725e-08        1         206.29 
    1990       1               5312       1.617    5.5433e-09        1         272.76 
    1991       1               2560      1.8072     0.0004012        1         382.78 
    1992       1               3904      1.7795    0.00014525        1         242.68 
    1994       1             23.986       1.812    7.6484e-05        1         306.31 
    1995       1               4224      1.5943    4.2167e-08        1         512.92 
    1996       1               4736      1.6159    9.0818e-05        1         280.76 
    1997       1               4480      1.5327    4.7572e-08        1         453.79 
    1998       1             2.3075        1.52    6.4539e-08        1         103.86 
    1999       1             2524.7      1.5261    3.0481e-07        1         161.58 
    2000       1             2264.2      1.6432    0.00019688        1         331.55 
    2001       1               5184       1.679    3.8079e-08        1         208.17 
    2002       1                384       1.752    1.1759e-07        1         178.59 
    2003       1               2688      1.9636      2.03e-06        1          315.5 
    2004       1                320       1.669     2.091e-07        1         94.356 
    2005       1                 64      1.6443    3.6593e-09        1         94.661 
    2006       1                 64      1.6211    1.3166e-07        1         173.71 
    2007       1               3520      1.7375    6.8592e-05        1         150.22 
    2008       1               4992      2.0713    1.5909e-05        1         277.43 
    2009       1                384      2.1448    4.7555e-10        1         163.72 
    2010       1                 64      2.1786     0.0029812        1         212.42 
    2011       1                128      2.0177    9.1518e-10        1          328.1 
    2012       1               2624      1.9721    4.4387e-08        1          258.6 
    2013       1               2304      1.8799    5.6834e-08        1         317.29 
    2014       1               4480      1.8223    2.9056e-06        1         262.82 
    2015       1               4160      1.7595    2.4642e-08        1         209.58 
    2016       1                 64      1.7506    5.9954e-08        1         120.22 
    2017       1               5696      1.7213    6.9602e-06        1         199.76 
    2018       1                128       1.704      3.72e-06        1         200.91 
    2019       1             79.426      1.9561    9.3374e-07        1         215.59 
    2020       1               3200      2.1093    2.5118e-06        1         272.03 
    2021       1               6400      1.7433    2.2277e-07        1         295.26 
    2022       2          4.966e+17       1.933      0.001222        1         34.613 
    2023       2          4.966e+17      1.9343      0.001222        1         37.713 
    2024       2          4.966e+17      1.8409      0.001222        1         33.315 

Converged (ef=1): 43/47
Regularization binding: 47/47 years
Total time: 196.8 min
Results saved to: C:\Users\Marianna\Dropbox\Topic_Heterogeneity_over_the_business_cycle\2026 Matlab code\Paper2_Rewrite\Step3_FixedOmega
Parallel pool using the 'Processes' profile is shutting down.
